MySQL Shell 8.0.12

Copyright (c) 2016, 2018, Oracle and/or its affiliates. All rights reserved.

Oracle is a registered trademark of Oracle Corporation and/or its
affiliates. Other names may be trademarks of their respective
owners.

Type '\help' or '\?' for help; '\quit' to exit.


 MySQL  JS > \sql
Switching to SQL mode... Commands end with ;

 MySQL  SQL > \connect -c root@localhost
The -c option is deprecated, please use --mysql or -mc instead
Creating a Classic session to 'root@localhost'
Please provide the password for 'root@localhost': ****
Save password for 'root@localhost:3306'? [Y]es/[N]o/Ne[v]er (default No): y
Fetching schema names for autocompletion... Press ^C to stop.
Your MySQL connection id is 1
Server version: 5.5.61 MySQL Community Server (GPL)
No default schema selected; type \use <schema> to set one.

 MySQL  localhost:3306  SQL > desc carrera;
ERROR: 1046 (3D000): No database selected

 MySQL  localhost:3306  SQL > \use evaluacion1
Default schema set to `evaluacion1`.
Fetching table and column names from `evaluacion1` for auto-completion... Press ^C to stop.

 MySQL  localhost:3306  evaluacion1  SQL > desc estudiante;
ERROR: 1146 (42S02): Table 'evaluacion1.estudiante' doesn't exist

 MySQL  localhost:3306  evaluacion1  SQL > show tables;
+-----------------------+
| Tables_in_evaluacion1 |
+-----------------------+
| carrera               |
| estudiantes           |
| horario               |
| materias              |
| nueva_carrera         |
| nueva_carrerota       |
| paises                |
| persona2              |
| personal              |
+-----------------------+
9 rows in set (0.0786 sec)

 MySQL  localhost:3306  evaluacion1  SQL > desc estudiantes;
+------------------+--------------+------+-----+---------+-------+
| Field            | Type         | Null | Key | Default | Extra |
+------------------+--------------+------+-----+---------+-------+
| no_control       | varchar(10)  | YES  | ;
 MySQL  localhost:3306  evaluacion1  SQL > grant select (nombre, Apellididomaterno)
 MySQL  localhost:3306  evaluacion1  SQL > grant select (nombre, Apellidoidomaterno)
 MySQL  localhost:3306  evaluacion1  SQL > grant select (nombre, Apellido_idomaterno)
 MySQL  localhost:3306  evaluacion1  SQL > grant select (nombre, Apellido_pidomaterno)
 MySQL  localhost:3306  evaluacion1  SQL > grant select (nombre, Apellido_paidomaterno)
 MySQL  localhost:3306  evaluacion1  SQL > grant select (nombre, Apellido_patidomaterno)
 MySQL  localhost:3306  evaluacion1  SQL > grant select (nombre, Apellido_pateidomaterno)
 MySQL  localhost:3306  evaluacion1  SQL > grant select (nombre, Apellido_pateridomaterno)
 MySQL  localhost:3306  evaluacion1  SQL > grant select (nombre, Apellido_paternidomaterno)
 MySQL  localhost:3306  evaluacion1  SQL > grant select (nombre, Apellido_paternoidomaterno)
 MySQL  localhost:3306  evaluacion1  SQL > grant select (nombre, Apellido_paterno,idomaterno)
 MySQL  localhost:3306  evaluacion1  SQL > grant select (nombre, Apellido_paterno,Aidomaterno)
 MySQL  localhost:3306  evaluacion1  SQL > grant select (nombre, Apellido_paterno,Apidomaterno) 678'
 MySQL  localhost:3306  evaluacion1  SQL > grant select (nombre, Apellido_paterno,Apeidomaterno)
 MySQL  localhost:3306  evaluacion1  SQL > grant select (nombre, Apellido_paterno,Apelidomaterno) ur MySQL server version for the right syntax to use near 'use 'usuario
 MySQL  localhost:3306  evaluacion1  SQL > grant select (nombre, Apellido_paterno,Apellidomaterno)
 MySQL  localhost:3306  evaluacion1  SQL > grant select (nombre, Apellido_paterno,Apellidomaterno)
 MySQL  localhost:3306  evaluacion1  SQL > grant select (nombre, Apellido_paterno,Apellidomaterno)78'
 MySQL  localhost:3306  evaluacion1  SQL > grant select (nombre, Apellido_paterno,Apellidomaterno)
 MySQL  localhost:3306  evaluacion1  SQL > grant select (nombre, Apellido_paterno,Apellidomaterno)
 MySQL  localhost:3306  evaluacion1  SQL > grant select (nombre, Apellido_paterno,Apellidomaterno)
 MySQL  localhost:3306  evaluacion1  SQL > grant select (nombre, Apellido_paterno,Apellidomaterno)                            connect -c:;
 MySQL  localhost:3306  evaluacion1  SQL > grant select (nombre, Apellido_paterno,Apellidomaterno)ur MySQL server version for the right syntax to use near 'connect -c:'
 MySQL  localhost:3306  evaluacion1  SQL > grant select (nombre, Apellido_paterno,Apellidomaterno)
 MySQL  localhost:3306  evaluacion1  SQL > grant select (nombre, Apellido_paterno,Apellidomaterno)
 MySQL  localhost:3306  evaluacion1  SQL > grant select (nombre, Apellido_paterno,Apellidomaterno)
 MySQL  localhost:3306  evaluacion1  SQL >
 MySQL  localhost:3306  evaluacion1  SQL >
 MySQL  localhost:3306  evaluacion1  SQL > desc estudiantes;
+------------------+--------------+------+-----+---------+-------+
| Field            | Type         | Null | Key | Default | Extra |
+------------------+--------------+------+-----+---------+-------+
| no_control       | varchar(10)  | YES  |     | NULL    |       |
| nombre           | varchar(50)  | YES  |     | NULL    |       |
| Apellido_paterno | varchar(50)  | YES  |     | NULL    |       |
| Apellido_materno | varchar(50)  | YES  |     | NULL    |       |
| direccion        | varchar(100) | YES  |     | NULL    |       |
| fecha_nacimiento | date         | YES  |     | NULL    |       |
| lugar_nacimiento | varchar(50)  | YES  |     | NULL    |       |
| pais             | varchar(50)  | YES  |     | NULL    |       |
| genero           | varchar(50)  | YES  |     | NULL    |       |
| no_telefono      | varchar(50)  | YES  |     | NULL    |       |
+------------------+--------------+------+-----+---------+-------+
10 rows in set (0.0998 sec)

 MySQL  localhost:3306  evaluacion1  SQL > grant select (nombre, apellido_paterno, apellido_materno, no_control) on evaluacion1.estudiantes to 'usuario'@'localhost';
Query OK, 0 rows affected (0.0466 sec)

 MySQL  localhost:3306  evaluacion1  SQL > show tables;
+-----------------------+
| Tables_in_evaluacion1 |
+-----------------------+
| carrera               |
| estudiantes           |
| horario               |
| materias              |
| nueva_carrera         |
| nueva_carrerota       |
| paises                |
| persona2              |
| personal              |
+-----------------------+
9 rows in set (0.0007 sec)

 MySQL  localhost:3306  evaluacion1  SQL > desc materias;
+-----------------+--------------+------+-----+---------+-------+
| Field           | Type         | Null | Key | Default | Extra |
+-----------------+--------------+------+-----+---------+-------+
| nomre           | varchar(100) | YES  |     | NULL    |       |
| creditos        | int(11)      | YES  |     | NULL    |       |
| Horas_Teoricas  | int(11)      | YES  |     | NULL    |       |
| Horas_Practicas | int(11)      | YES  |     | NULL    |       |
| Carrera         | varchar(3)   | YES  |     | NULL    |       |
| semestre        | int(11)      | YES  |     | NULL    |       |
+-----------------+--------------+------+-----+---------+-------+
6 rows in set (0.0118 sec)

 MySQL  localhost:3306  evaluacion1  SQL > grant select (nomre), insert (nomre, creditos) on evaluacion1.materias to 'usuario'@'localhost';
Query OK, 0 rows affected (0.0005 sec)

 MySQL  localhost:3306  evaluacion1  SQL > desc carrera;
+-----------+-------------+------+-----+---------+-------+
| Field     | Type        | Null | Key | Default | Extra |
+-----------+-------------+------+-----+---------+-------+
| nombre    | varchar(50) | YES  |     | NULL    |       |
| creditos  | int(11)     | YES  |     | NULL    |       |
| semestres | int(11)     | YES  |     | NULL    |       |
| area      | varchar(50) | YES  |     | NULL    |       |
+-----------+-------------+------+-----+---------+-------+
4 rows in set (0.0117 sec)

 MySQL  localhost:3306  evaluacion1  SQL > grant select, update, delete  on evaluacion1.carrera to 'usuario'@'localhost';
Query OK, 0 rows affected (0.0007 sec)

 MySQL  localhost:3306  evaluacion1  SQL > grant select  on evaluacion1.paises to 'usuario'@'localhost';
Query OK, 0 rows affected (0.0006 sec)

 MySQL  localhost:3306  evaluacion1  SQL > grant delete  on evaluacion1.personal to 'usuario'@'localhost';
Query OK, 0 rows affected (0.0006 sec)

 MySQL  localhost:3306  evaluacion1  SQL > grant *  on evaluacion1.carrera to 'usuario'@'localhost';
ERROR: 1064 (42000): You have an error in your SQL syntax; check the manual that corresponds to your MySQL server version for the right syntax to use near '*  on evaluacion1.carrera to 'usuario'@'localhost'' at line 1

 MySQL  localhost:3306  evaluacion1  SQL > grant all  on evaluacion1.carrera to 'usuario'@'localhost';
Query OK, 0 rows affected (0.0785 sec)

 MySQL  localhost:3306  evaluacion1  SQL > revoke delete  on evaluacion1.carrera to 'usuario'@'localhost';
ERROR: 1064 (42000): You have an error in your SQL syntax; check the manual that corresponds to your MySQL server version for the right syntax to use near 'to 'usuario'@'localhost'' at line 1

 MySQL  localhost:3306  evaluacion1  SQL > revoke delete on evaluacion1.carrera from 'usuario'@'localhost';
Query OK, 0 rows affected (0.0003 sec)

 MySQL  localhost:3306  evaluacion1  SQL >