MySQL Shell 8.0.12

Copyright (c) 2016, 2018, Oracle and/or its affiliates. All rights reserved.

Oracle is a registered trademark of Oracle Corporation and/or its
affiliates. Other names may be trademarks of their respective
owners.

Type '\help' or '\?' for help; '\quit' to exit.


 MySQL  JS > \sql
Switching to SQL mode... Commands end with ;

 MySQL  SQL > \connect -c root@localhost
The -c option is deprecated, please use --mysql or -mc instead
Creating a Classic session to 'root@localhost'
Please provide the password for 'root@localhost': ****
Save password for 'root@localhost:3306'? [Y]es/[N]o/Ne[v]er (default No): y
Fetching schema names for autocompletion... Press ^C to stop.
Your MySQL connection id is 1
Server version: 5.5.61 MySQL Community Server (GPL)
No default schema selected; type \use <schema> to set one.

 MySQL  localhost:3306  SQL > create new table persona()
                          ... Clave int,
                          ... nombre varchar(50),
                          ... apellido varchar(50),
                          ... departamento varchar(50),
                          ... salario float);
ERROR: 1064 (42000): You have an error in your SQL syntax; check the manual that corresponds to your MySQL server version for the right syntax to use near 'new table persona()
Clave int,
nombre varchar(50),
apellido varchar(50),
departa' at line 1

 MySQL  localhost:3306  SQL > create new table persona( Clave int, nombre varchar(50), apellido varchar(50), departamento varchar(50), salario float);
ERROR: 1064 (42000): You have an error in your SQL syntax; check the manual that corresponds to your MySQL server version for the right syntax to use near 'new table persona( Clave int, nombre varchar(50), apellido varchar(50), departam' at line 1

 MySQL  localhost:3306  SQL > show table
                          ... ;
ERROR: 1064 (42000): You have an error in your SQL syntax; check the manual that corresponds to your MySQL server version for the right syntax to use near '' at line 1

 MySQL  localhost:3306  SQL > desc parsona;
ERROR: 1046 (3D000): No database selected

 MySQL  localhost:3306  SQL > /use evaluacion1
                          ... ;
ERROR: 1064 (42000): You have an error in your SQL syntax; check the manual that corresponds to your MySQL server version for the right syntax to use near '/use evaluacion1' at line 1

 MySQL  localhost:3306  SQL > /use evaluacion1
                          ... ;
ERROR: 1064 (42000): You have an error in y                                                                                                                        aluac MySQL  localhost:3306  evaluacion1  SQL > create new table persona( Clave int, nombre varchar(50), apellido varchar(50), departamento varchar(50), salario float);
 MySQL  localhost:3306  evaluacion1  SQL > create new table persona( Clave int, nombre varchar(50), apellido varchar(50), departamento varchar(50), salario float);
 MySQL  localhost:3306  evaluacion1  SQL > create new table persona( Clave int, nombre varchar(50), apellido varchar(50), departamento varchar(50), salario float);
 MySQL  localhost:3306  evaluacion1  SQL > create new table persona( Clave int, nombre varchar(50), apellido varchar(50), departamento varchar(50), salario float);
 MySQL  localhost:3306  evaluacion1  SQL > create new table persona( Clave int, nombre varchar(50), apellido varchar(50), departamento varchar(50), salario float);
 MySQL  localhost:3306  evaluacion1  SQL > create new table persona( Clave int, nombre varchar(50), apellido varchar(50), departamento varchar(50), salario float);
 MySQL  localhost:3306  evaluacion1  SQL > create new table persona( Clave int, nombre varchar(50), apellido varchar(50), departamento varchar(50), salario float);
 MySQL  localhost:3306  evaluacion1  SQL > create new table persona( Clave int, nombre varchar(50), apellido varchar(50), departamento varchar(50), salario float);le pe MySQL  localhost:3306  evaluacion1  SQL > create new table persona( Clave int, nombre varchar(50), apellido varchar(50), departamento varchar(50), salario float);
 MySQL  localhost:3306  evaluacion1  SQL > create new table persona( Clave int, nombre varchar(50), apellido varchar(50), departamento varchar(50), salario float);
 MySQL  localhost:3306  evaluacion1  SQL > create new table persona( Clave int, nombre varchar(50), apellido varchar(50), departamento varchar(50), salario float);
 MySQL  localhost:3306  evaluacion1  SQL >
 MySQL  localhost:3306  evaluacion1  SQL >
 MySQL  localhost:3306  evaluacion1  SQL > create new table personal(Clave int, nombre varchar(50), apellido varchar(50), departamento varchar(50), salario float);
ERROR: 1064 (42000): You have an error in your SQL syntax; check the manual that corresponds to your MySQL server version for the right syntax to use near 'new table personal(Clave int, nombre varchar(50), apellido varchar(50), departam' at line 1

 MySQL  localhost:3306  evaluacion1  SQL > create table personal(Clave int, nombre varchar(50), apellido varchar(50), departamento varchar(50), salario float);
Query OK, 0 rows affected (0.0499 sec)

 MySQL  localhost:3306  evaluacion1  SQL > show personal
                                       ... ;
ERROR: 1064 (42000): You have an error in your SQL syntax; check the manual that corresponds to your MySQL server version for the right syntax to use near 'personal' at line 1

 MySQL  localhost:3306  evaluacion1  SQL > show personal;
ERROR: 1064 (42000): You have an error in your SQL syntax; check the manual that corresponds to your MySQL server version for the right syntax to use near 'personal' at line 1

 MySQL  localhost:3306  evaluacion1  SQL > desc personal;
+--------------+-------------+------+-----+---------+-------+
| Field        | Type        | Null | Key | Default | Extra |
+--------------+-------------+------+-----+---------+-------+
| Clave        | int(11)     | YES  |     | NULL    |       |
| nombre       | varchar(50) | YES  |     | NULL    |       |
| apellido     | varchar(50) | YES  |     | NULL    |       |
| departamento | varchar(50) | YES  |     | NULL    |       |
| salario      | float       | YES  |     | NULL    |       |
+--------------+-------------+------+-----+---------+-------+
5 rows in set (0.0134 sec)

 MySQL  localhost:3306  evaluacion1  SQL > create table persona2(clave int Primary key not null Auto_INCREMENT, )
                                       ...
                                       ... ;
ERROR: 1064 (42000): You have an error in your SQL syntax; check the manual that corresponds to your MySQL server version for the right syntax to use near ')' at line 1

 MySQL  localhost:3306  evaluacion1  SQL > create table persona2(clave int Primary key not null Auto_INCREMENT,
                                       ... nombre varchar(50),
                                       ... apellido varchar(50),
                                       ... departamento enum('SISTEMAS','CONTABILIDAD', 'INHUMANAS','PRODUCCION'),
                                       ... salario float default 1500);
Query OK, 0 rows affected (0.5560 sec)

 MySQL  localhost:3306  evaluacion1  SQL > desc personal2;
ERROR: 1146 (42S02): Table 'evaluacion1.personal2' doesn't exist

 MySQL  localhost:3306  evaluacion1  SQL > desc persona2;
+--------------+----------------------------------------------------------+------+-----+---------+----------------+
| Field        | Type                                                     | Null | Key | Default | Extra          |
+--------------+----------------------------------------------------------+------+-----+---------+----------------+
| clave        | int(11)                                                  | NO   | PRI | NULL    | auto_increment |
| nombre       | varchar(50)                                              | YES  |     | NULL    |                |
| apellido     | varchar(50)                                              | YES  |     | NULL    |                |
| departamento | enum('SISTEMAS','CONTABILIDAD','INHUMANAS','PRODUCCION') | YES  |     | NULL    |                |
| salario      | float                                                    | YES  |     | 1500    |                |
+--------------+----------------------------------------------------------+------+-----+---------+----------------+
5 rows in set (0.3538 sec)

 MySQL  localhost:3306  evaluacion1  SQL > insert into persona2 (nombre, apellido) values ('RUBEN, 'Hernandez');
                                       ... ;
                                       ...
                                       ...
                                       ... ;
                                       ... ;
                                       ... );
ERROR: 1064 (42000): You have an error in your SQL syntax; check the manual that corresponds to your MySQL server version for the right syntax to use near 'Hernandez');
)' at line 1

 MySQL  localhost:3306  evaluacion1  SQL > insert into persona2 (nombre, apellido) values ('RUBEN, 'Hernandez');
                                       ... );
ERROR: 1064 (42000): You have an error in your SQL syntax; check the manual that corresponds to your MySQL server version for the right syntax to use near 'Hernandez');
)' at line 1

 MySQL  localhost:3306  evaluacion1  SQL > insert into persona2 (nombre, apellido) values ('RUBEN, 'Hernandez');
                                       ... insert into persona2 (nombre, apellido) values ('RUBEN, 'Hernandez'); );
ERROR: 1064 (42000): You have an error in your SQL syntax; check the manual that corresponds to your MySQL server version for the right syntax to use near 'Hernandez');
insert into persona2 (nombre, apellido) values ('RUBEN, 'Hernandez' at line 1
ERROR: 1064 (42000): You have an error in your SQL syntax; check the manual that corresponds to your MySQL server version for the right syntax to use near ')' at line 1

 MySQL  localhost:3306  evaluacion1  SQL > insert into persona2 (nombre, apellido) values ('RUBEN', 'Hernandez');
Query OK, 1 row affected (0.0334 sec)

 MySQL  localhost:3306  evaluacion1  SQL > insert into persona2 (nombre, apellido,departamento) values ('Juan', 'Hernandez','SISTEMAS');
Query OK, 1 row affected (0.0287 sec)

 MySQL  localhost:3306  evaluacion1  SQL > select * from persona2;
+-------+--------+-----------+--------------+---------+
| clave | nombre | apellido  | departamento | salario |
+-------+--------+-----------+--------------+---------+
|     1 | RUBEN  | Hernandez | NULL         |    1500 |
|     2 | Juan   | Hernandez | SISTEMAS     |    1500 |
+-------+--------+-----------+--------------+---------+
2 rows in set (0.0196 sec)

 MySQL  localhost:3306  evaluacion1  SQL > insert into persona2 (nombre, apellido,departamento,salario) values ('x', 'y','SISTEMAS',500);
Query OK, 1 row affected (0.0326 sec)

 MySQL  localhost:3306  evaluacion1  SQL > select * from persona2;
+-------+--------+-----------+--------------+---------+
| clave | nombre | apellido  | departamento | salario |
+-------+--------+-----------+--------------+---------+
|     1 | RUBEN  | Hernandez | NULL         |    1500 |
|     2 | Juan   | Hernandez | SISTEMAS     |    1500 |
|     3 | x      | y         | SISTEMAS     |     500 |
+-------+--------+-----------+--------------+---------+
3 rows in set (0.0003 sec)

 MySQL  localhost:3306  evaluacion1  SQL > insert into persona2 (clave, nombre,apellido) values (5,'v','t');
Query OK, 1 row affected (0.0298 sec)

 MySQL  localhost:3306  evaluacion1  SQL > insert into persona2 (nombre, apellido,departamento,salario) values ('huele', 'a obo','SISTEMAS',500);
Query OK, 1 row affected (0.0272 sec)

 MySQL  localhost:3306  evaluacion1  SQL > desc persona2;
+--------------+----------------------------------------------------------+------+-----+---------+----------------+
| Field        | Type                                                     | Null | Key | Default | Extra          |
+--------------+----------------------------------------------------------+------+-----+---------+----------------+
| clave        | int(11)                                                  | NO   | PRI | NULL    | auto_increment |
| nombre       | varchar(50)                                              | YES  |     | NULL    |                |
| apellido     | varchar(50)                                              | YES  |     | NULL    |                |
| departamento | enum('SISTEMAS','CONTABILIDAD','INHUMANAS','PRODUCCION') | YES  |     | NULL    |                |
| salario      | float                                                    | YES  |     | 1500    |                |
+--------------+----------------------------------------------------------+------+-----+---------+----------------+
5 rows in set (0.0475 sec)

 MySQL  localhost:3306  evaluacion1  SQL > select * from persona2;
+-------+--------+-----------+--------------+---------+
| clave | nombre | apellido  | departamento | salario |
+-------+--------+-----------+--------------+---------+
|     1 | RUBEN  | Hernandez | NULL         |    1500 |
|     2 | Juan   | Hernandez | SISTEMAS     |    1500 |
|     3 | x      | y         | SISTEMAS     |     500 |
|     5 | v      | t         | NULL         |    1500 |
|     6 | huele  | a obo     | SISTEMAS     |     500 |
+-------+--------+-----------+--------------+---------+
5 rows in set (0.0003 sec)

 MySQL  localhost:3306  evaluacion1  SQL > create tabel Paises_del_mundo(clave int primary key not null, nombre Varchar(50) not null,
                                       ... publacion int default 1,
                                       ... continente enum('Africa','America','Asia','Oceania','Europa'));
ERROR: 1064 (42000): You have an error in your SQL syntax; check the manual that corresponds to your MySQL server version for the right syntax to use near 'tabel Paises_del_mundo(clave int primary key not null, nombre Varchar(50) not nu' at line 1

 MySQL  localhost:3306  evaluacion1  SQL > create tabel Paises_del_mundo(clave int primary key not null auto_increment, nombre Varchar(50) not null,  publacion int default 1,  continente enum('Africa','America','Asia','Oceania','Europa'));
ERROR: 1064 (42000): You have an error in your SQL syntax; check the manual that corresponds to your MySQL server version for the right syntax to use near 'tabel Paises_del_mundo(clave int primary key not null auto_increment, nombre Var' at line 1

 MySQL  localhost:3306  evaluacion1  SQL > create tabel Paises_del_mundo(clave int primary key not null auto_increment, nombre Varchar(50) not null,  publacion int default 1,  continente enum('Africa','America','Asia','Oceania','Europa');
ERROR: 1064 (42000): You have an error in your SQL syntax; check the manual that corresponds to your MySQL server version for the right syntax to use near 'tabel Paises_del_mundo(clave int primary key not null auto_increment, nombre Var' at line 1

 MySQL  localhost:3306  evaluacion1  SQL > create tabel Paises_del_mundo(clave int primary key not null auto_increment, nombre Varchar(50) not null,  publacion int default 1,  continente enum('Africa','America','Asia','Oceania','Europa'));
ERROR: 1064 (42000): You have an error in your SQL syntax; check the manual that corresponds to your MySQL server version for the right syntax to use near 'tabel Paises_del_mundo(clave int primary key not null auto_increment, nombre Var' at line 1

 MySQL  localhost:3306  evaluacion1  SQL > create tabel Paises(clave int primary key not null auto_increment, nombre Varchar(50) not null,  publacion int default 1,  continente enum('Africa','America','Asia','Oceania','Europa'));
ERROR: 1064 (42000): You have an error in your SQL syntax; check the manual that corresponds to your MySQL server version for the right syntax to use near 'tabel Paises(clave int primary key not null auto_increment, nombre Varchar(50) n' at line 1

 MySQL  localhost:3306  evaluacion1  SQL > create tabel Paises(clave int primary key not null auto_increment, nombre Varchar(50) not null,  publacion int default 1,  continente enum('Africa','America','Asia','Oceania','Europa');
ERROR: 1064 (42000): You have an error in your SQL syntax; check the manual that corresponds to your MySQL server version for the right syntax to use near 'tabel Paises(clave int primary key not null auto_increment, nombre Varchar(50) n' at line 1

 MySQL  localhost:3306  evaluacion1  SQL > create table Paises(clave int primary key not null auto_increment, nombre Varchar(50) not null,  publacion int default 1,  continente enum('Africa','America','Asia','Oceania','Europa'));
Query OK, 0 rows affected (0.0895 sec)

 MySQL  localhost:3306  evaluacion1  SQL > desc paises;
+------------+----------------------------------------------------+------+-----+---------+----------------+
| Field      | Type                                               | Null | Key | Default | Extra          |
+------------+----------------------------------------------------+------+-----+---------+----------------+
| clave      | int(11)                                            | NO   | PRI | NULL    | auto_increment |
| nombre     | varchar(50)                                        | NO   |     | NULL    |                |
| publacion  | int(11)                                            | YES  |     | 1       |                |
| continente | enum('Africa','America','Asia','Oceania','Europa') | YES  |     | NULL    |                |
+------------+----------------------------------------------------+------+-----+---------+----------------+
4 rows in set (0.0309 sec)

 MySQL  localhost:3306  evaluacion1  SQL >